16:17:55 **** Incremental Build of configuration Debug for project VREF_L011K4 ****
make -j4 all 
arm-none-eabi-gcc "../Core/Src/main.c" -mcpu=cortex-m0plus -std=gnu11 -g3 -DDEBUG -DUSE_HAL_DRIVER -DSTM32L011xx -c -I../Core/Inc -I../Drivers/STM32L0xx_HAL_Driver/Inc -I../Drivers/STM32L0xx_HAL_Driver/Inc/Legacy -I../Drivers/CMSIS/Device/ST/STM32L0xx/Include -I../Drivers/CMSIS/Include -O0 -ffunction-sections -fdata-sections -Wall -fstack-usage -fcyclomatic-complexity -MMD -MP -MF"Core/Src/main.d" -MT"Core/Src/main.o" --specs=nano.specs -mfloat-abi=soft -mthumb -o "Core/Src/main.o"
arm-none-eabi-g++ -o "VREF_L011K4.elf" @"objects.list"   -mcpu=cortex-m0plus -T"C:\Users\Assar\Documents\GitHub\Exjobb\nucleo\VREF_L011K4\STM32L011K4TX_FLASH.ld" --specs=nosys.specs -Wl,-Map="VREF_L011K4.map" -Wl,--gc-sections -static --specs=nano.specs -mfloat-abi=soft -mthumb -Wl,--start-group -lc -lm -lstdc++ -lsupc++ -Wl,--end-group
Finished building target: VREF_L011K4.elf
 
arm-none-eabi-size  VREF_L011K4.elf 
arm-none-eabi-objdump -h -S VREF_L011K4.elf  > "VREF_L011K4.list"
   text	   data	    bss	    dec	    hex	filename
  11700	     12	   1812	  13524	   34d4	VREF_L011K4.elf
Finished building: default.size.stdout
 
Finished building: VREF_L011K4.list
 

16:17:56 Build Finished. 0 errors, 0 warnings. (took 1s.447ms)

