15:47:07 **** Incremental Build of configuration Debug for project FullProgram ****
make -j4 all 
arm-none-eabi-gcc "../Core/Src/main.c" -mcpu=cortex-m4 -std=gnu11 -g3 -DDEBUG -DUSE_HAL_DRIVER -DSTM32L431xx -c -I../Core/Inc -I../Drivers/STM32L4xx_HAL_Driver/Inc -I../Drivers/STM32L4xx_HAL_Driver/Inc/Legacy -I../Drivers/CMSIS/Device/ST/STM32L4xx/Include -I../Drivers/CMSIS/Include -O0 -ffunction-sections -fdata-sections -Wall -fstack-usage -fcyclomatic-complexity -MMD -MP -MF"Core/Src/main.d" -MT"Core/Src/main.o" --specs=nano.specs -mfpu=fpv4-sp-d16 -mfloat-abi=hard -mthumb -o "Core/Src/main.o"
arm-none-eabi-gcc -o "FullProgram.elf" @"objects.list"   -mcpu=cortex-m4 -T"C:\Users\Assar\Documents\GitHub\Exjobb\STM32L431\FullProgram\STM32L431CCUX_FLASH.ld" --specs=nosys.specs -Wl,-Map="FullProgram.map" -Wl,--gc-sections -static --specs=nano.specs -mfpu=fpv4-sp-d16 -mfloat-abi=hard -mthumb -Wl,--start-group -lc -lm -Wl,--end-group
Finished building target: FullProgram.elf
 
arm-none-eabi-size  FullProgram.elf 
arm-none-eabi-objdump -h -S FullProgram.elf  > "FullProgram.list"
   text	   data	    bss	    dec	    hex	filename
  15356	     12	   1764	  17132	   42ec	FullProgram.elf
Finished building: default.size.stdout
 
Finished building: FullProgram.list
 

15:47:08 Build Finished. 0 errors, 0 warnings. (took 1s.372ms)

