11:39:50 **** Incremental Build of configuration Debug for project I2C-com ****
make -j4 all 
arm-none-eabi-gcc "../Core/Src/main.c" -mcpu=cortex-m4 -std=gnu11 -g3 -DDEBUG -DUSE_HAL_DRIVER -DSTM32L431xx -c -I../Core/Inc -I../Drivers/STM32L4xx_HAL_Driver/Inc -I../Drivers/STM32L4xx_HAL_Driver/Inc/Legacy -I../Drivers/CMSIS/Device/ST/STM32L4xx/Include -I../Drivers/CMSIS/Include -O0 -ffunction-sections -fdata-sections -Wall -fstack-usage -fcyclomatic-complexity -MMD -MP -MF"Core/Src/main.d" -MT"Core/Src/main.o" --specs=nano.specs -mfpu=fpv4-sp-d16 -mfloat-abi=hard -mthumb -o "Core/Src/main.o"
arm-none-eabi-g++ -o "I2C-com.elf" @"objects.list"   -mcpu=cortex-m4 -T"C:\Users\Assar\Documents\GitHub\Exjobb\STM32L431\I2C-com\STM32L431CCUX_FLASH.ld" --specs=nosys.specs -Wl,-Map="I2C-com.map" -Wl,--gc-sections -static --specs=nano.specs -mfpu=fpv4-sp-d16 -mfloat-abi=hard -mthumb -Wl,--start-group -lc -lm -lstdc++ -lsupc++ -Wl,--end-group
Finished building target: I2C-com.elf
 
arm-none-eabi-size  I2C-com.elf 
arm-none-eabi-objdump -h -S I2C-com.elf  > "I2C-com.list"
   text	   data	    bss	    dec	    hex	filename
  11324	     12	   1660	  12996	   32c4	I2C-com.elf
Finished building: default.size.stdout
 
Finished building: I2C-com.list
 

11:39:52 Build Finished. 0 errors, 0 warnings. (took 1s.514ms)

