../Core/Src/main.c:124:13:EPD_Reset	8	static
../Core/Src/main.c:161:13:EPD_SendCommand	16	static
../Core/Src/main.c:180:13:EPD_SendData	16	static
../Core/Src/main.c:198:6:EPD_ReadBusy	16	static
../Core/Src/main.c:225:13:EPD_SetPartReg	16	static
../Core/Src/main.c:291:13:EPD_TurnOnDisplay	8	static
../Core/Src/main.c:303:6:EPD_Init	8	static
../Core/Src/main.c:326:6:EPD_Clear	24	static
../Core/Src/main.c:352:6:EPD_Display	32	static
../Core/Src/main.c:379:6:EPD_DisplayPart	24	static
../Core/Src/main.c:413:6:EPD_Sleep	8	static
../Core/Src/main.c:431:6:EPD_Draw1	24	static
../Core/Src/main.c:454:6:EPD_Draw2	24	static
../Core/Src/main.c:490:5:main	8	static
../Core/Src/main.c:561:6:SystemClock_Config	88	static
../Core/Src/main.c:608:13:MX_SPI1_Init	8	static
../Core/Src/main.c:646:13:MX_GPIO_Init	48	static
../Core/Src/main.c:722:6:Error_Handler	4	static,ignoring_inline_asm
