19:32:31 **** Incremental Build of configuration Debug for project ADC_Internal_Reference ****
make -j16 all 
arm-none-eabi-gcc "../Core/Src/main.c" -mcpu=cortex-m4 -std=gnu11 -g3 -DDEBUG -DUSE_HAL_DRIVER -DSTM32F411xE -c -I../Core/Inc -I../Drivers/STM32F4xx_HAL_Driver/Inc -I../Drivers/STM32F4xx_HAL_Driver/Inc/Legacy -I../Drivers/CMSIS/Device/ST/STM32F4xx/Include -I../Drivers/CMSIS/Include -O0 -ffunction-sections -fdata-sections -Wall -fstack-usage -fcyclomatic-complexity -MMD -MP -MF"Core/Src/main.d" -MT"Core/Src/main.o" --specs=nano.specs -mfpu=fpv4-sp-d16 -mfloat-abi=hard -mthumb -o "Core/Src/main.o"
arm-none-eabi-g++ -o "ADC_Internal_Reference.elf" @"objects.list"   -mcpu=cortex-m4 -T"C:\Users\assar\Documents\Projekt\Exjobb\exjobb_STM\NUCLEO-F411RE\ADC_Internal_Reference\STM32F411RETX_FLASH.ld" --specs=nosys.specs -Wl,-Map="ADC_Internal_Reference.map" -Wl,--gc-sections -static --specs=nano.specs -mfpu=fpv4-sp-d16 -mfloat-abi=hard -mthumb -Wl,--start-group -lc -lm -lstdc++ -lsupc++ -Wl,--end-group
Finished building target: ADC_Internal_Reference.elf
 
arm-none-eabi-size  ADC_Internal_Reference.elf 
arm-none-eabi-objdump -h -S ADC_Internal_Reference.elf  > "ADC_Internal_Reference.list"
   text	   data	    bss	    dec	    hex	filename
   9980	     12	   1716	  11708	   2dbc	ADC_Internal_Reference.elf
Finished building: default.size.stdout
 
Finished building: ADC_Internal_Reference.list
 
19:32:34 **** Incremental Build of configuration Debug for project ADC_Internal_Reference ****
make -j16 all 
arm-none-eabi-size  ADC_Internal_Reference.elf 
   text	   data	    bss	    dec	    hex	filename
   9980	     12	   1716	  11708	   2dbc	ADC_Internal_Reference.elf
Finished building: default.size.stdout
 
19:35:35 **** Incremental Build of configuration Debug for project ADC_Internal_Reference ****
make -j16 all 
arm-none-eabi-gcc "../Core/Src/main.c" -mcpu=cortex-m4 -std=gnu11 -g3 -DDEBUG -DUSE_HAL_DRIVER -DSTM32F411xE -c -I../Core/Inc -I../Drivers/STM32F4xx_HAL_Driver/Inc -I../Drivers/STM32F4xx_HAL_Driver/Inc/Legacy -I../Drivers/CMSIS/Device/ST/STM32F4xx/Include -I../Drivers/CMSIS/Include -O0 -ffunction-sections -fdata-sections -Wall -fstack-usage -fcyclomatic-complexity -MMD -MP -MF"Core/Src/main.d" -MT"Core/Src/main.o" --specs=nano.specs -mfpu=fpv4-sp-d16 -mfloat-abi=hard -mthumb -o "Core/Src/main.o"
arm-none-eabi-g++ -o "ADC_Internal_Reference.elf" @"objects.list"   -mcpu=cortex-m4 -T"C:\Users\assar\Documents\Projekt\Exjobb\exjobb_STM\NUCLEO-F411RE\ADC_Internal_Reference\STM32F411RETX_FLASH.ld" --specs=nosys.specs -Wl,-Map="ADC_Internal_Reference.map" -Wl,--gc-sections -static --specs=nano.specs -mfpu=fpv4-sp-d16 -mfloat-abi=hard -mthumb -Wl,--start-group -lc -lm -lstdc++ -lsupc++ -Wl,--end-group
Finished building target: ADC_Internal_Reference.elf
 
arm-none-eabi-size  ADC_Internal_Reference.elf 
arm-none-eabi-objdump -h -S ADC_Internal_Reference.elf  > "ADC_Internal_Reference.list"
   text	   data	    bss	    dec	    hex	filename
   9200	     12	   1716	  10928	   2ab0	ADC_Internal_Reference.elf
Finished building: default.size.stdout
 
Finished building: ADC_Internal_Reference.list
 
19:36:00 **** Incremental Build of configuration Debug for project ADC_Internal_Reference ****
make -j16 all 
arm-none-eabi-size  ADC_Internal_Reference.elf 
   text	   data	    bss	    dec	    hex	filename
   9200	     12	   1716	  10928	   2ab0	ADC_Internal_Reference.elf
Finished building: default.size.stdout
 
19:36:35 **** Incremental Build of configuration Debug for project ADC_Internal_Reference ****
make -j16 all 
arm-none-eabi-size  ADC_Internal_Reference.elf 
   text	   data	    bss	    dec	    hex	filename
   9200	     12	   1716	  10928	   2ab0	ADC_Internal_Reference.elf
Finished building: default.size.stdout
 
19:36:57 **** Incremental Build of configuration Debug for project ADC_Internal_Reference ****
make -j16 all 
arm-none-eabi-size  ADC_Internal_Reference.elf 
   text	   data	    bss	    dec	    hex	filename
   9200	     12	   1716	  10928	   2ab0	ADC_Internal_Reference.elf
Finished building: default.size.stdout
 
19:40:02 **** Incremental Build of configuration Debug for project ADC_Internal_Reference ****
make -j16 all 
arm-none-eabi-gcc "../Core/Src/main.c" -mcpu=cortex-m4 -std=gnu11 -g3 -DDEBUG -DUSE_HAL_DRIVER -DSTM32F411xE -c -I../Core/Inc -I../Drivers/STM32F4xx_HAL_Driver/Inc -I../Drivers/STM32F4xx_HAL_Driver/Inc/Legacy -I../Drivers/CMSIS/Device/ST/STM32F4xx/Include -I../Drivers/CMSIS/Include -O0 -ffunction-sections -fdata-sections -Wall -fstack-usage -fcyclomatic-complexity -MMD -MP -MF"Core/Src/main.d" -MT"Core/Src/main.o" --specs=nano.specs -mfpu=fpv4-sp-d16 -mfloat-abi=hard -mthumb -o "Core/Src/main.o"
arm-none-eabi-g++ -o "ADC_Internal_Reference.elf" @"objects.list"   -mcpu=cortex-m4 -T"C:\Users\assar\Documents\Projekt\Exjobb\exjobb_STM\NUCLEO-F411RE\ADC_Internal_Reference\STM32F411RETX_FLASH.ld" --specs=nosys.specs -Wl,-Map="ADC_Internal_Reference.map" -Wl,--gc-sections -static --specs=nano.specs -mfpu=fpv4-sp-d16 -mfloat-abi=hard -mthumb -Wl,--start-group -lc -lm -lstdc++ -lsupc++ -Wl,--end-group
Finished building target: ADC_Internal_Reference.elf
 
arm-none-eabi-size  ADC_Internal_Reference.elf 
arm-none-eabi-objdump -h -S ADC_Internal_Reference.elf  > "ADC_Internal_Reference.list"
   text	   data	    bss	    dec	    hex	filename
   9900	     12	   1716	  11628	   2d6c	ADC_Internal_Reference.elf
Finished building: default.size.stdout
 
Finished building: ADC_Internal_Reference.list
 
19:44:24 **** Incremental Build of configuration Debug for project ADC_Internal_Reference ****
make -j16 all 
arm-none-eabi-size  ADC_Internal_Reference.elf 
   text	   data	    bss	    dec	    hex	filename
   9900	     12	   1716	  11628	   2d6c	ADC_Internal_Reference.elf
Finished building: default.size.stdout
 
